[2026-07-13T08:40:37.777Z] [INFO Incoming Request: POST /auth - Query: {} - Body: undefined
][2026-07-13T08:40:37.782Z] [INFO Response: 404 - Body: "{\"message\":\"Cannot POST /auth\",\"error\":\"Not Found\",\"statusCode\":404}"
][2026-07-13T08:40:45.391Z] [INFO Incoming Request: GET /auth - Query: {} - Body: undefined
][2026-07-13T08:40:45.391Z] [INFO Response: 404 - Body: "{\"message\":\"Cannot GET /auth\",\"error\":\"Not Found\",\"statusCode\":404}"
][2026-07-13T08:41:02.976Z] [INFO Incoming Request: GET /auth/ - Query: {} - Body: undefined
][2026-07-13T08:41:02.976Z] [INFO Response: 404 - Body: "{\"message\":\"Cannot GET /auth/\",\"error\":\"Not Found\",\"statusCode\":404}"
][2026-07-13T08:41:07.772Z] [INFO Incoming Request: GET /auth - Query: {} - Body: undefined
][2026-07-13T08:41:07.773Z] [INFO Response: 404 - Body: "{\"message\":\"Cannot GET /auth\",\"error\":\"Not Found\",\"statusCode\":404}"
][2026-07-13T08:43:55.839Z] [INFO Incoming Request: GET /auth - Query: {} - Body: undefined
][2026-07-13T08:43:55.842Z] [INFO Response: 200 - Body: "get outh requested"
][2026-07-13T08:45:58.609Z] [INFO Incoming Request: POST /auth/signup - Query: {} - Body: {"email":"john@doe.com","password":"password","firstName":"John","lastName":"Doe"}
][2026-07-13T08:45:58.612Z] [INFO Response: 201 - Body: "signup payload [object Object]"
][2026-07-13T08:46:03.853Z] [INFO Incoming Request: POST /auth/signup - Query: {} - Body: {"email":"john@doe.com","password":"password","firstName":"John","lastName":"Doe"}
][2026-07-13T08:46:03.853Z] [INFO Response: 201 - Body: "signup payload [object Object]"
][2026-07-13T08:47:29.845Z] [INFO Incoming Request: POST /auth/signup - Query: {} - Body: {"email":"john@doe.com","password":"password","firstName":"John","lastName":"Doe"}
][2026-07-13T08:47:29.848Z] [INFO Response: 201 - Body: "signup payload {\"email\":\"john@doe.com\",\"password\":\"password\",\"firstName\":\"John\",\"lastName\":\"Doe\"}"
][2026-07-14T07:14:03.216Z] [INFO Incoming Request: POST /auth/signup - Query: {} - Body: {"email":"john@doe.com","password":"password","firstName":"John","lastName":"Doe"}
][2026-07-14T07:14:03.229Z] [INFO Response: 201 - Body: "signup payload {\"email\":\"john@doe.com\",\"password\":\"password\",\"firstName\":\"John\",\"lastName\":\"Doe\"}"
][2026-07-14T07:42:57.463Z] [INFO Incoming Request: POST /auth/signup - Query: {} - Body: {"email":"john@doe.com","password":"password","firstName":"John","lastName":"Doe"}
][2026-07-14T07:42:57.663Z] [INFO Response: 201 - Body: "signup payload {\"email\":\"john@doe.com\",\"password\":\"password\",\"firstName\":\"John\",\"lastName\":\"Doe\"}"
][2026-07-14T10:39:37.522Z] [INFO Incoming Request: POST /auth/signup - Query: {} - Body: {"email":"gogicha26@hotmail.com","password":"password","firstName":"John","lastName":"Doe"}
][2026-07-14T10:39:38.160Z] [INFO Response: 500 - Body: "{\"statusCode\":500,\"message\":\"Internal server error\"}"
][2026-07-14T10:44:01.027Z] [INFO Incoming Request: POST /auth/signup - Query: {} - Body: {"email":"gogicha26@hotmail.com","password":"password","firstName":"John","lastName":"Doe"}
][2026-07-14T10:44:01.681Z] [INFO Response: 500 - Body: "{\"statusCode\":500,\"message\":\"Internal server error\"}"
][2026-07-14T10:47:28.356Z] [INFO Incoming Request: POST /auth/signup - Query: {} - Body: {"email":"gogicha26@hotmail.com","password":"password","firstName":"John","lastName":"Doe"}
][2026-07-14T10:47:28.920Z] [INFO Response: 500 - Body: "{\"statusCode\":500,\"message\":\"Internal server error\"}"
][2026-07-14T10:50:10.423Z] [INFO Incoming Request: POST /auth/signup - Query: {} - Body: {"email":"gogicha26@hotmail.com","password":"password","firstName":"John","lastName":"Doe"}
][2026-07-14T10:50:11.060Z] [INFO Response: 500 - Body: "{\"statusCode\":500,\"message\":\"Internal server error\"}"
][2026-07-14T10:51:01.722Z] [INFO Incoming Request: POST /auth/signup - Query: {} - Body: {"email":"gogicha26@hotmail.com","password":"password","firstName":"John","lastName":"Doe"}
][2026-07-14T10:51:02.667Z] [INFO Response: 201 - Body: "{\"messate\":\"User created. Please check your email to verify your account\"}"
]